[2026-09-01T23:00:04] === INICIO ESCANEO UNIVERSO GLOBAL - FASE 1 ===
[2026-09-01T23:00:04] IBEX 35: 35 tickers extraidos, 35 nuevos (total acumulado 35)
[2026-09-01T23:00:05] CAC 40: 40 tickers extraidos, 40 nuevos (total acumulado 75)
[2026-09-01T23:00:05] DAX 40: 40 tickers extraidos, 40 nuevos (total acumulado 115)
[2026-09-01T23:00:06] FTSE MIB: 40 tickers extraidos, 40 nuevos (total acumulado 155)
[2026-09-01T23:00:06] AEX: 25 tickers extraidos, 25 nuevos (total acumulado 180)
[2026-09-01T23:00:06] BEL 20: 0 tickers extraidos, 0 nuevos (total acumulado 180)
[2026-09-01T23:00:07] SMI: 20 tickers extraidos, 20 nuevos (total acumulado 200)
[2026-09-01T23:00:07] FTSE 100: 100 tickers extraidos, 100 nuevos (total acumulado 300)
[2026-09-01T23:00:08] FTSE 250: 250 tickers extraidos, 250 nuevos (total acumulado 550)
[2026-09-01T23:00:08] OMXS30: 30 tickers extraidos, 30 nuevos (total acumulado 580)
[2026-09-01T23:00:08] WIG20: 0 tickers extraidos, 0 nuevos (total acumulado 580)
[2026-09-01T23:00:09]   ERROR scraping https://en.wikipedia.org/wiki/ATX_(index): 404 Client Error: Not Found for url: https://en.wikipedia.org/wiki/ATX_(index)
[2026-09-01T23:00:09] ATX: 0 tickers extraidos, 0 nuevos (total acumulado 580)
[2026-09-01T23:00:09] ATHEX Composite: 0 tickers extraidos, 0 nuevos (total acumulado 580)
[2026-09-01T23:00:10] S&P 500: 503 tickers extraidos, 503 nuevos (total acumulado 1083)
[2026-09-01T23:00:10] S&P MidCap 400: 400 tickers extraidos, 400 nuevos (total acumulado 1483)
[2026-09-01T23:00:11] Nasdaq 100: 0 tickers extraidos, 0 nuevos (total acumulado 1483)
[2026-09-01T23:00:11] Dow Jones 30: 0 tickers extraidos, 0 nuevos (total acumulado 1483)
[2026-09-01T23:00:11] TSX 60: 59 tickers extraidos, 59 nuevos (total acumulado 1542)
[2026-09-01T23:00:12]   ERROR scraping https://en.wikipedia.org/wiki/List_of_companies_listed_on_the_S%C3%A3o_Paulo_Stock_Exchange: 404 Client Error: Not Found for url: https://en.wikipedia.org/wiki/List_of_companies_listed_on_the_S%C3%A3o_Paulo_Stock_Exchange
[2026-09-01T23:00:12] IBOVESPA: 0 tickers extraidos, 0 nuevos (total acumulado 1542)
[2026-09-01T23:00:12]   ERROR scraping https://en.wikipedia.org/wiki/S%26P_IPSA: 404 Client Error: Not Found for url: https://en.wikipedia.org/wiki/S%26P_IPSA
[2026-09-01T23:00:12] IPSA: 0 tickers extraidos, 0 nuevos (total acumulado 1542)
[2026-09-01T23:00:13] Nikkei 225: 0 tickers extraidos, 0 nuevos (total acumulado 1542)
[2026-09-01T23:00:13] ASX 200: 200 tickers extraidos, 200 nuevos (total acumulado 1742)
[2026-09-01T23:00:13] STI: 0 tickers extraidos, 0 nuevos (total acumulado 1742)
[2026-09-01T23:00:14]   ERROR scraping https://en.wikipedia.org/wiki/KOSPI200: 404 Client Error: Not Found for url: https://en.wikipedia.org/wiki/KOSPI200
[2026-09-01T23:00:14] KOSPI 200: 0 tickers extraidos, 0 nuevos (total acumulado 1742)
[2026-09-01T23:00:14]   ERROR scraping https://en.wikipedia.org/wiki/Tadawul_All_Share_Index: 404 Client Error: Not Found for url: https://en.wikipedia.org/wiki/Tadawul_All_Share_Index
[2026-09-01T23:00:14] TASI (Arabia Saudi): 0 tickers extraidos, 0 nuevos (total acumulado 1742)
[2026-09-01T23:00:14] TA-35: 0 tickers extraidos, 0 nuevos (total acumulado 1742)
[2026-09-01T23:00:15] BIST 100: 0 tickers extraidos, 0 nuevos (total acumulado 1742)
[2026-09-01T23:00:15]   ERROR scraping https://en.wikipedia.org/wiki/FTSE/JSE_Africa_Index_Series: 404 Client Error: Not Found for url: https://en.wikipedia.org/wiki/FTSE/JSE_Africa_Index_Series
[2026-09-01T23:00:15] JSE Top 40: 0 tickers extraidos, 0 nuevos (total acumulado 1742)
[2026-09-01T23:00:15] Universo total construido (excluyendo ya conocidos): 1737 tickers
[2026-09-01T23:00:15] Pendientes de evaluar (no en cache o con error previo): 1737
[2026-09-01T23:00:44]   progreso: 25/1737 procesados, 10 pasan Fase 1 hasta ahora
[2026-09-01T23:01:12]   progreso: 50/1737 procesados, 20 pasan Fase 1 hasta ahora
[2026-09-01T23:01:38]   progreso: 75/1737 procesados, 36 pasan Fase 1 hasta ahora
[2026-09-01T23:02:07]   progreso: 100/1737 procesados, 52 pasan Fase 1 hasta ahora
[2026-09-01T23:02:37]   progreso: 125/1737 procesados, 68 pasan Fase 1 hasta ahora
[2026-09-01T23:03:04]   progreso: 150/1737 procesados, 80 pasan Fase 1 hasta ahora
[2026-09-01T23:03:33]   progreso: 175/1737 procesados, 96 pasan Fase 1 hasta ahora
[2026-09-01T23:04:01]   progreso: 200/1737 procesados, 116 pasan Fase 1 hasta ahora
[2026-09-01T23:04:31]   progreso: 225/1737 procesados, 134 pasan Fase 1 hasta ahora
[2026-09-01T23:05:01]   progreso: 250/1737 procesados, 154 pasan Fase 1 hasta ahora
[2026-09-01T23:05:32]   progreso: 275/1737 procesados, 167 pasan Fase 1 hasta ahora
[2026-09-01T23:06:03]   progreso: 300/1737 procesados, 181 pasan Fase 1 hasta ahora
[2026-09-01T23:06:33]   progreso: 325/1737 procesados, 198 pasan Fase 1 hasta ahora
[2026-09-01T23:07:00]   progreso: 350/1737 procesados, 214 pasan Fase 1 hasta ahora
[2026-09-01T23:07:30]   progreso: 375/1737 procesados, 231 pasan Fase 1 hasta ahora
[2026-09-01T23:07:59]   progreso: 400/1737 procesados, 248 pasan Fase 1 hasta ahora
[2026-09-01T23:08:30]   progreso: 425/1737 procesados, 265 pasan Fase 1 hasta ahora
[2026-09-01T23:08:57]   progreso: 450/1737 procesados, 284 pasan Fase 1 hasta ahora
[2026-09-01T23:09:25]   progreso: 475/1737 procesados, 297 pasan Fase 1 hasta ahora
[2026-09-01T23:09:52]   progreso: 500/1737 procesados, 314 pasan Fase 1 hasta ahora
[2026-09-01T23:10:21]   progreso: 525/1737 procesados, 322 pasan Fase 1 hasta ahora
[2026-09-01T23:10:53]   progreso: 550/1737 procesados, 337 pasan Fase 1 hasta ahora
[2026-09-01T23:11:19]   progreso: 575/1737 procesados, 357 pasan Fase 1 hasta ahora
[2026-09-01T23:11:46]   progreso: 600/1737 procesados, 375 pasan Fase 1 hasta ahora
[2026-09-01T23:12:12]   progreso: 625/1737 procesados, 393 pasan Fase 1 hasta ahora
[2026-09-01T23:12:41]   progreso: 650/1737 procesados, 408 pasan Fase 1 hasta ahora
[2026-09-01T23:13:11]   progreso: 675/1737 procesados, 420 pasan Fase 1 hasta ahora
[2026-09-01T23:13:42]   progreso: 700/1737 procesados, 437 pasan Fase 1 hasta ahora
[2026-09-01T23:14:13]   progreso: 725/1737 procesados, 457 pasan Fase 1 hasta ahora
[2026-09-01T23:14:44]   progreso: 750/1737 procesados, 473 pasan Fase 1 hasta ahora
[2026-09-01T23:15:14]   progreso: 775/1737 procesados, 485 pasan Fase 1 hasta ahora
[2026-09-01T23:15:44]   progreso: 800/1737 procesados, 503 pasan Fase 1 hasta ahora
[2026-09-01T23:16:13]   progreso: 825/1737 procesados, 521 pasan Fase 1 hasta ahora
[2026-09-01T23:16:42]   progreso: 850/1737 procesados, 534 pasan Fase 1 hasta ahora
[2026-09-01T23:17:11]   progreso: 875/1737 procesados, 550 pasan Fase 1 hasta ahora
[2026-09-01T23:17:38]   progreso: 900/1737 procesados, 565 pasan Fase 1 hasta ahora
[2026-09-01T23:18:06]   progreso: 925/1737 procesados, 583 pasan Fase 1 hasta ahora
[2026-09-01T23:18:34]   progreso: 950/1737 procesados, 598 pasan Fase 1 hasta ahora
[2026-09-01T23:19:04]   progreso: 975/1737 procesados, 616 pasan Fase 1 hasta ahora
[2026-09-01T23:19:31]   progreso: 1000/1737 procesados, 632 pasan Fase 1 hasta ahora
[2026-09-01T23:19:59]   progreso: 1025/1737 procesados, 652 pasan Fase 1 hasta ahora
[2026-09-01T23:20:26]   progreso: 1050/1737 procesados, 668 pasan Fase 1 hasta ahora
[2026-09-01T23:20:54]   progreso: 1075/1737 procesados, 683 pasan Fase 1 hasta ahora
[2026-09-01T23:21:24]   progreso: 1100/1737 procesados, 697 pasan Fase 1 hasta ahora
[2026-09-01T23:21:51]   progreso: 1125/1737 procesados, 713 pasan Fase 1 hasta ahora
[2026-09-01T23:22:17]   progreso: 1150/1737 procesados, 727 pasan Fase 1 hasta ahora
[2026-09-01T23:22:45]   progreso: 1175/1737 procesados, 743 pasan Fase 1 hasta ahora
[2026-09-01T23:23:15]   progreso: 1200/1737 procesados, 761 pasan Fase 1 hasta ahora
[2026-09-01T23:23:43]   progreso: 1225/1737 procesados, 775 pasan Fase 1 hasta ahora
[2026-09-01T23:24:11]   progreso: 1250/1737 procesados, 787 pasan Fase 1 hasta ahora
[2026-09-01T23:24:38]   progreso: 1275/1737 procesados, 803 pasan Fase 1 hasta ahora
[2026-09-01T23:25:05]   progreso: 1300/1737 procesados, 821 pasan Fase 1 hasta ahora
[2026-09-01T23:25:32]   progreso: 1325/1737 procesados, 837 pasan Fase 1 hasta ahora
[2026-09-01T23:26:00]   progreso: 1350/1737 procesados, 850 pasan Fase 1 hasta ahora
[2026-09-01T23:26:28]   progreso: 1375/1737 procesados, 865 pasan Fase 1 hasta ahora
[2026-09-01T23:26:56]   progreso: 1400/1737 procesados, 882 pasan Fase 1 hasta ahora
[2026-09-01T23:27:23]   progreso: 1425/1737 procesados, 895 pasan Fase 1 hasta ahora
[2026-09-01T23:27:51]   progreso: 1450/1737 procesados, 912 pasan Fase 1 hasta ahora
[2026-09-01T23:28:20]   progreso: 1475/1737 procesados, 926 pasan Fase 1 hasta ahora
[2026-09-01T23:28:47]   progreso: 1500/1737 procesados, 940 pasan Fase 1 hasta ahora
[2026-09-01T23:29:14]   progreso: 1525/1737 procesados, 955 pasan Fase 1 hasta ahora
[2026-09-01T23:36:30]   progreso: 1550/1737 procesados, 966 pasan Fase 1 hasta ahora
[2026-09-01T23:36:56]   progreso: 1575/1737 procesados, 978 pasan Fase 1 hasta ahora
[2026-09-01T23:37:22]   progreso: 1600/1737 procesados, 993 pasan Fase 1 hasta ahora
[2026-09-01T23:37:49]   progreso: 1625/1737 procesados, 1010 pasan Fase 1 hasta ahora
[2026-09-01T23:38:17]   progreso: 1650/1737 procesados, 1026 pasan Fase 1 hasta ahora
[2026-09-01T23:38:45]   progreso: 1675/1737 procesados, 1043 pasan Fase 1 hasta ahora
[2026-09-01T23:39:12]   progreso: 1700/1737 procesados, 1060 pasan Fase 1 hasta ahora
[2026-09-01T23:39:40]   progreso: 1725/1737 procesados, 1076 pasan Fase 1 hasta ahora
[2026-09-01T23:39:54] === FIN FASE 1: 1737 procesados, 1083 pasan el filtro ===
[2026-09-01T23:48:40] === INICIO FASE 1b (tecnico) sobre 759 candidatos fundamentales ===
[2026-09-01T23:48:40] Pendientes: 759
[2026-09-01T23:49:00]   progreso fase1b: 25/759, 15 con senal tecnica activa hasta ahora
[2026-09-01T23:49:14]   progreso fase1b: 50/759, 33 con senal tecnica activa hasta ahora
[2026-09-01T23:49:30]   progreso fase1b: 75/759, 51 con senal tecnica activa hasta ahora
[2026-09-01T23:49:46]   progreso fase1b: 100/759, 68 con senal tecnica activa hasta ahora
[2026-09-01T23:50:01]   progreso fase1b: 125/759, 86 con senal tecnica activa hasta ahora
[2026-09-01T23:50:17]   progreso fase1b: 150/759, 103 con senal tecnica activa hasta ahora
[2026-09-01T23:50:33]   progreso fase1b: 175/759, 120 con senal tecnica activa hasta ahora
[2026-09-01T23:50:49]   progreso fase1b: 200/759, 137 con senal tecnica activa hasta ahora
[2026-09-01T23:51:05]   progreso fase1b: 225/759, 157 con senal tecnica activa hasta ahora
[2026-09-01T23:51:20]   progreso fase1b: 250/759, 171 con senal tecnica activa hasta ahora
[2026-09-01T23:51:34]   progreso fase1b: 275/759, 191 con senal tecnica activa hasta ahora
[2026-09-01T23:51:50]   progreso fase1b: 300/759, 206 con senal tecnica activa hasta ahora
[2026-09-01T23:52:05]   progreso fase1b: 325/759, 226 con senal tecnica activa hasta ahora
[2026-09-01T23:52:22]   progreso fase1b: 350/759, 240 con senal tecnica activa hasta ahora
[2026-09-01T23:52:37]   progreso fase1b: 375/759, 256 con senal tecnica activa hasta ahora
[2026-09-01T23:52:52]   progreso fase1b: 400/759, 269 con senal tecnica activa hasta ahora
[2026-09-01T23:53:08]   progreso fase1b: 425/759, 287 con senal tecnica activa hasta ahora
[2026-09-01T23:53:23]   progreso fase1b: 450/759, 303 con senal tecnica activa hasta ahora
[2026-09-01T23:53:38]   progreso fase1b: 475/759, 320 con senal tecnica activa hasta ahora
[2026-09-01T23:53:53]   progreso fase1b: 500/759, 338 con senal tecnica activa hasta ahora
[2026-09-01T23:54:09]   progreso fase1b: 525/759, 358 con senal tecnica activa hasta ahora
[2026-09-01T23:54:25]   progreso fase1b: 550/759, 376 con senal tecnica activa hasta ahora
[2026-09-01T23:54:40]   progreso fase1b: 575/759, 390 con senal tecnica activa hasta ahora
[2026-09-01T23:54:56]   progreso fase1b: 600/759, 405 con senal tecnica activa hasta ahora
[2026-09-01T23:55:11]   progreso fase1b: 625/759, 423 con senal tecnica activa hasta ahora
[2026-09-01T23:55:26]   progreso fase1b: 650/759, 443 con senal tecnica activa hasta ahora
[2026-09-01T23:55:42]   progreso fase1b: 675/759, 460 con senal tecnica activa hasta ahora
[2026-09-01T23:55:58]   progreso fase1b: 700/759, 476 con senal tecnica activa hasta ahora
[2026-09-01T23:56:14]   progreso fase1b: 725/759, 492 con senal tecnica activa hasta ahora
[2026-09-01T23:56:30]   progreso fase1b: 750/759, 508 con senal tecnica activa hasta ahora
[2026-09-01T23:56:36] === FIN FASE 1b: 759 procesados, 515 con senal tecnica activa ===
[2026-09-02T07:45:47] === INICIO FASE 1c (ROIC/FCF-NI/declive/PEG) sobre 850 tickers ===
[2026-09-02T07:45:47] Pendientes: 850
[2026-09-02T17:56:29] === INICIO FASE 1c (ROIC/FCF-NI/declive/PEG) sobre 850 tickers ===
[2026-09-02T17:56:29] Pendientes: 850
[2026-09-02T17:57:18]   progreso fase1c: 25/850
[2026-09-02T17:58:06]   progreso fase1c: 50/850
[2026-09-02T17:58:52]   progreso fase1c: 75/850
[2026-09-02T17:59:38]   progreso fase1c: 100/850
[2026-09-02T18:00:28]   progreso fase1c: 125/850
[2026-09-02T18:01:17]   progreso fase1c: 150/850
[2026-09-02T18:03:47] === INICIO FASE 1c (ROIC/FCF-NI/declive/PEG) sobre 850 tickers ===
[2026-09-02T18:03:47] Pendientes: 700
[2026-09-02T18:04:29]   progreso fase1c: 25/700
[2026-09-02T18:05:11]   progreso fase1c: 50/700
[2026-09-02T18:05:11] === INICIO FASE 1c (ROIC/FCF-NI/declive/PEG) sobre 850 tickers ===
[2026-09-02T18:05:11] Pendientes: 650
[2026-09-02T18:05:50]   progreso fase1c: 75/700
[2026-09-02T18:05:51]   progreso fase1c: 25/650
[2026-09-02T18:06:28]   progreso fase1c: 100/700
[2026-09-02T18:06:30]   progreso fase1c: 50/650
[2026-09-02T18:07:07]   progreso fase1c: 125/700
[2026-09-02T18:07:11]   progreso fase1c: 75/650
[2026-09-02T18:07:47]   progreso fase1c: 150/700
[2026-09-02T18:07:52]   progreso fase1c: 100/650
[2026-09-02T18:08:26]   progreso fase1c: 175/700
[2026-09-02T18:08:32]   progreso fase1c: 125/650
[2026-09-02T18:09:05]   progreso fase1c: 200/700
[2026-09-02T18:09:11]   progreso fase1c: 150/650
[2026-09-02T18:09:44]   progreso fase1c: 225/700
[2026-09-02T18:09:51]   progreso fase1c: 175/650
[2026-09-02T18:10:25]   progreso fase1c: 250/700
[2026-09-02T18:10:33]   progreso fase1c: 200/650
[2026-09-02T18:11:06]   progreso fase1c: 275/700
[2026-09-02T18:11:13]   progreso fase1c: 225/650
[2026-09-02T18:11:45]   progreso fase1c: 300/700
[2026-09-02T18:11:53]   progreso fase1c: 250/650
[2026-09-02T18:12:27]   progreso fase1c: 325/700
[2026-09-02T18:12:34]   progreso fase1c: 275/650
[2026-09-02T18:13:06]   progreso fase1c: 350/700
[2026-09-02T18:13:13]   progreso fase1c: 300/650
[2026-09-02T18:13:45]   progreso fase1c: 375/700
[2026-09-02T18:13:53]   progreso fase1c: 325/650
[2026-09-02T18:14:24]   progreso fase1c: 400/700
[2026-09-02T18:14:33]   progreso fase1c: 350/650
[2026-09-02T18:15:03]   progreso fase1c: 425/700
[2026-09-02T18:15:13]   progreso fase1c: 375/650
[2026-09-02T18:15:45]   progreso fase1c: 450/700
[2026-09-02T18:15:54]   progreso fase1c: 400/650
[2026-09-02T18:16:26]   progreso fase1c: 475/700
[2026-09-02T18:16:34]   progreso fase1c: 425/650
[2026-09-02T18:17:05]   progreso fase1c: 500/700
[2026-09-02T18:17:16]   progreso fase1c: 450/650
[2026-09-02T18:17:43]   progreso fase1c: 525/700
[2026-09-02T18:17:56]   progreso fase1c: 475/650
[2026-09-02T18:18:23]   progreso fase1c: 550/700
[2026-09-02T18:18:36]   progreso fase1c: 500/650
[2026-09-02T18:19:02]   progreso fase1c: 575/700
[2026-09-02T18:19:15]   progreso fase1c: 525/650
[2026-09-02T18:19:41]   progreso fase1c: 600/700
[2026-09-02T18:19:54]   progreso fase1c: 550/650
[2026-09-02T18:20:21]   progreso fase1c: 625/700
[2026-09-02T18:20:33]   progreso fase1c: 575/650
[2026-09-02T18:20:59]   progreso fase1c: 650/700
[2026-09-02T18:21:14]   progreso fase1c: 600/650
[2026-09-02T18:21:38]   progreso fase1c: 675/700
[2026-09-02T18:21:54]   progreso fase1c: 625/650
[2026-09-02T18:22:17]   progreso fase1c: 700/700
[2026-09-02T18:22:17] === FIN FASE 1c: 700 procesados ===
[2026-09-02T18:22:34]   progreso fase1c: 650/650
[2026-09-02T18:22:34] === FIN FASE 1c: 650 procesados ===
[2026-09-02T23:09:55] === INICIO FASE 2 (WACC/EVA/Score) sobre 449 candidatos ===
[2026-09-02T23:09:55] Pendientes: 449
[2026-09-02T23:10:32]   progreso fase2: 25/449
[2026-09-02T23:11:03]   progreso fase2: 50/449
[2026-09-02T23:11:36]   progreso fase2: 75/449
[2026-09-02T23:12:07]   progreso fase2: 100/449
[2026-09-02T23:12:40]   progreso fase2: 125/449
[2026-09-03T06:24:34]   progreso fase2: 150/449
[2026-09-03T06:25:05]   progreso fase2: 175/449
[2026-09-03T06:25:34]   progreso fase2: 200/449
[2026-09-03T06:26:01]   progreso fase2: 225/449
[2026-09-03T06:26:32]   progreso fase2: 250/449
[2026-09-03T06:27:02]   progreso fase2: 275/449
[2026-09-03T06:27:33]   progreso fase2: 300/449
[2026-09-03T06:28:02]   progreso fase2: 325/449
[2026-09-03T06:28:32]   progreso fase2: 350/449
[2026-09-03T06:28:59]   progreso fase2: 375/449
[2026-09-03T06:29:29]   progreso fase2: 400/449
[2026-09-03T06:30:01]   progreso fase2: 425/449
[2026-09-03T06:30:31] === FIN FASE 2: 449 procesados ===
[2026-09-03T11:38:10] === INICIO FASE 2 (WACC/EVA/Score) sobre 449 candidatos ===
[2026-09-03T11:38:10] Pendientes: 288
[2026-09-03T11:38:52]   progreso fase2: 25/288
[2026-09-03T11:39:42]   progreso fase2: 50/288
[2026-09-03T11:40:25]   progreso fase2: 75/288
[2026-09-03T11:41:12]   progreso fase2: 100/288
[2026-09-03T11:41:54]   progreso fase2: 125/288
[2026-09-03T11:42:49]   progreso fase2: 150/288
[2026-09-03T11:43:30]   progreso fase2: 175/288
[2026-09-03T11:44:19]   progreso fase2: 200/288
[2026-09-03T11:45:01]   progreso fase2: 225/288
[2026-09-03T11:45:51]   progreso fase2: 250/288
[2026-09-03T11:46:34]   progreso fase2: 275/288
[2026-09-03T11:46:56] === FIN FASE 2: 288 procesados ===
[2026-09-03T11:54:45] === INICIO FASE 3 sobre 20 candidatos ===
[2026-09-03T11:54:49]   RGA: SENAL RRA detectada, soporte=239.23 -> anadido a watchlist.json
[2026-09-03T11:54:52]   L1G.AX: SENAL LT detectada, soporte=1.18 -> anadido a watchlist.json
[2026-09-03T11:54:55]   AAPL: SENAL RRA detectada, soporte=312.80 -> anadido a watchlist.json
[2026-09-03T11:54:57]   ITH.L: SENAL RRA detectada, soporte=255.40 -> anadido a watchlist.json
[2026-09-03T11:55:00]   FOUR.L: SENAL LT detectada, soporte=3980.00 -> anadido a watchlist.json
[2026-09-03T11:55:02] === FIN FASE 3: 20 evaluados, 5 anadidos a watchlist.json, 15 en seguimiento sin senal ===
[2026-09-03T13:00:34] === INICIO FASE 3 sobre 20 candidatos ===
[2026-09-03T13:00:37]   RGA: SENAL RRA detectada, soporte=239.23 -> anadido a watchlist.json
[2026-09-03T13:00:40]   L1G.AX: ya esta en watchlist.json, se omite
[2026-09-03T13:00:42]   AAPL: SENAL RRA detectada, soporte=312.80 -> anadido a watchlist.json
[2026-09-03T13:00:44]   ITH.L: SENAL RRA detectada, soporte=255.40 -> anadido a watchlist.json
[2026-09-03T13:00:47]   FOUR.L: ya esta en watchlist.json, se omite
[2026-09-03T13:00:49] === FIN FASE 3: 20 evaluados, 3 anadidos a watchlist.json, 15 en seguimiento sin senal ===
[2026-09-03T13:09:22] === INICIO FASE 3 sobre 20 candidatos ===
[2026-09-03T13:09:26]   ITH.L: ya esta en watchlist.json, se omite
[2026-09-03T13:09:27]   L1G.AX: ya esta en watchlist.json, se omite
[2026-09-03T13:09:28]   KIE.L: SENAL RRA detectada, soporte=243.40 -> anadido a watchlist.json
[2026-09-03T13:09:29]   EDV.L: SENAL LT detectada, soporte=4061.00 -> anadido a watchlist.json
[2026-09-03T13:09:32]   APA: SENAL RRA detectada, soporte=39.08 -> anadido a watchlist.json
[2026-09-03T13:09:32]   RRL.AX: SENAL LT detectada, soporte=5.34 -> anadido a watchlist.json
[2026-09-03T13:09:35]   GNE.AX: SENAL RRA detectada, soporte=2.15 -> anadido a watchlist.json
[2026-09-03T13:09:36] === FIN FASE 3: 20 evaluados, 5 anadidos a watchlist.json, 22 en seguimiento sin senal ===
